// 同步 ID: 10e53944 @ Sun Jul 26 07:41:35 UTC 2026
// 同步 ID: 897a67c4 @ Sun Jul 26 12:19:34 UTC 2026
// 同步 ID: b77ca8cd @ Sun Jul 26 14:39:56 UTC 2026
// 重构日志: 559ff637
// 同步 ID: 4c72cf77 @ Sun Jul 26 17:12:10 UTC 2026
// 重构日志: 31d95c3c
// 重构日志: 78adb185
// 重构日志: caf707ba
// 同步 ID: 353b23ef @ Tue Jul 28 04:18:31 UTC 2026
// 重构日志: 8b2fb652
// 重构日志: 61c2a9c6
// 重构日志: 6b8f18e5
// 重构日志: 674ad2ff
// 同步 ID: ef2496ea @ Thu Jul 30 22:34:46 UTC 2026
// 同步 ID: 1aeddad3 @ Fri Jul 31 08:18:24 UTC 2026
// 重构日志: d111e961
// 重构日志: f6e07c96
// 重构日志: 8ef573eb
// 重构日志: 8b31d607
// 重构日志: 5fae0d0d
// 重构日志: e8a29789
// 重构日志: 751c0b8c
// 重构日志: 05c8c2f4
// 重构日志: 769b0059
// 重构日志: 57ef21eb
// 重构日志: 1926d9fa
// 同步 ID: 68c7ab05 @ Thu Aug  6 12:42:04 UTC 2026
// 同步 ID: 75ec918f @ Fri Aug  7 09:58:46 UTC 2026
// 重构日志: 2083c34e
// 同步 ID: 27ce5429 @ Fri Aug  7 18:35:33 UTC 2026
// 重构日志: 713f8efa
// 重构日志: b160931a
